// Jest Snapshot v1, https://jestjs.io/docs/snapshot-testing

exports[`JawaScript Interpreter Feature Tests should correctly execute 01-variables.jawa 1`] = `""`;

exports[`JawaScript Interpreter Feature Tests should correctly execute 02-conditionals.jawa 1`] = `"Dewasa"`;

exports[`JawaScript Interpreter Feature Tests should correctly execute 03-loops.jawa 1`] = `""`;

exports[`JawaScript Interpreter Feature Tests should correctly execute 04-functions.jawa 1`] = `""`;

exports[`JawaScript Interpreter Feature Tests should correctly execute 05-switch-case.jawa 1`] = `"Baik"`;

exports[`JawaScript Interpreter Feature Tests should correctly execute 06-try-catch-finally.jawa 1`] = `
"Mencoba operasi...
Hasil: 5
Operasi selesai."
`;

exports[`JawaScript Interpreter Feature Tests should correctly execute 07-classes.jawa 1`] = `""`;

exports[`JawaScript Interpreter Feature Tests should correctly execute 08-async-await.jawa 1`] = `
"Mulai ambil data...
Data diterima: Data dari server"
`;

exports[`JawaScript Interpreter Feature Tests should correctly execute 09-modules.jawa 1`] = `""`;

exports[`JawaScript Interpreter Feature Tests should correctly execute 10-logical-operators-and-continue.jawa 1`] = `
"A true dan B false
A true atau B true"
`;

exports[`JawaScript Interpreter Feature Tests should correctly execute 11-prompt.jawa 1`] = `"Halo, Mock Input!"`;

exports[`JawaScript Interpreter Feature Tests should correctly execute 12-null-undefined.jawa 1`] = `
"Nilai Kosong: kosong
Nilai Ora Didefinisikan: oraDidefinisikan
nilaiKosong adalah kosong
nilaiOraDidefinisikan adalah oraDidefinisikan"
`;

exports[`JawaScript Interpreter Feature Tests should correctly execute 13-math-functions.jawa 1`] = `
"Random: 0.10843740596877116
Round 3.7: 4"
`;

exports[`JawaScript Interpreter Feature Tests should correctly execute 14-date-functions.jawa 1`] = `
"Current timestamp: Thu Jun 04 2026 21:03:16 GMT+0700 (Western Indonesia Time)
New Date object: <native Tanggalan>
Specific Date object: <native Tanggalan>"
`;

exports[`JawaScript Interpreter Feature Tests should correctly execute 15-json-functions.jawa 1`] = `""`;

exports[`JawaScript Interpreter Feature Tests should correctly execute 16-global-functions.jawa 1`] = `""`;

exports[`JawaScript Interpreter Feature Tests should correctly execute 17-operators.jawa 1`] = `
"15
5
50
2
1
a luwih gedhe
b luwih cilik
podo bener
plek bener
gak podo bener
gak plek bener
a luwih gedhe podo c
b luwih cilik podo c
8
15
8
30
5
1"
`;

exports[`JawaScript Interpreter Feature Tests should correctly execute 18-tuples.jawa 1`] = `
"10
20
Error nalika ngowahi tuple: oraDidefinisikan
10
Titik X: 100
Titik Y: 200
nama
25
true
3
12"
`;

exports[`JawaScript Interpreter Feature Tests should correctly execute 19-do-while.jawa 1`] = `
"Mulai do...while loop:
Hitungan: 0
Mulai do...while loop (kondisi salah):
Nilai x: 5"
`;

exports[`JawaScript Interpreter Feature Tests should correctly execute 20-generators.jawa 1`] = `"Generator 1:"`;

exports[`JawaScript Interpreter Feature Tests should correctly execute 21-global-constructors.jawa 1`] = `
"Daftar Kosong: function Array() { [native code] }
Daftar Angka: function Array() { [native code] }
Obyek Kosong: function Object() { [native code] }
Teks Halo: function String() { [native code] }
Panjang Teks Halo: 1
Angka: function Number() { [native code] }
Logika: function Boolean() { [native code] }"
`;

exports[`JawaScript Interpreter Feature Tests should correctly execute 22-global-functions-extended.jawa 1`] = `""`;

exports[`JawaScript Interpreter Feature Tests should correctly execute 23-debug-keyword.jawa 1`] = `"Starting debug test..."`;

exports[`JawaScript Interpreter Feature Tests should correctly execute 24-getter-setter.jawa 1`] = `
"Area: oraDidefinisikan
New Area: oraDidefinisikan"
`;

exports[`JawaScript Interpreter Feature Tests should correctly execute 25-static-members.jawa 1`] = `""`;

exports[`JawaScript Interpreter Feature Tests should correctly execute 26-array-string-methods.jawa 1`] = `
"--- Tes Array Methods ---
Daftar asli: [5, 1, 4, 2, 8]
Dawane: 5
Ngemot angka 4? true
Indeks saka angka 4: 2
Sakwise didorong 10: [5, 1, 4, 2, 8, 10]
Sing dijupuk pungkasan: 10
Daftar saiki: [5, 1, 4, 2, 8]
Daftar urut: [1, 2, 4, 5, 8]
Daftar diwalik: [8, 2, 4, 1, 5]
Disambungake dadi teks: 5 - 1 - 4 - 2 - 8
Disaring (luwih gedhe teko 4): [5, 8]
Dipetakake (ping 2): [10, 2, 8, 4, 16]
Ana sing luwih gedhe teko 5? true
Kabeh luwih cilik teko 10? true

--- Tes String Methods ---
Teks asli:    Jawascript iku Keren!   
Dawane: 27
Teks dirapikno: Jawascript iku Keren!
Dawane sakwise rapi: 21
Digedekno: JAWASCRIPT IKU KEREN!
Dicilikno: jawascript iku keren!
Dimulai karo "Jawa"? true
Diakhiri karo "Keren!"? true
Ngemot "iku"? true
Sakwise diganti: Jawascript iku Mantep!
Irisan (0, 10): Jawascript
Dipeceh dadi daftar: [Jawascript, iku, Mantep!]
Tembung keloro: iku"
`;

exports[`JawaScript Interpreter Feature Tests should correctly execute 27-arrow-functions.jawa 1`] = `
"--- Tes Arrow Function ---
Kuadrat dari 5: 25
Array dipetakake x2: [2, 4, 6, 8]
Sugeng rawuh, Budi"
`;

exports[`JawaScript Interpreter Feature Tests should correctly execute 28-ono-ilang.jawa 1`] = `
"--- Tes Fitur Khas \`ono\` & \`ilang\` ---

-- Tes \`iku ilang\` --
variabelKosong beneran ilang
variabelOraDidefinisikan beneran ilang
variabelAngkaNol dianggep ONO

-- Tes \`iku ono\` --
variabelOno beneran ono
variabelTeksKosong beneran ono
variabelFalse beneran ono
variabelKosong dianggep ILANG"
`;

exports[`JawaScript Interpreter Feature Tests should correctly execute 29-template-literals.jawa 1`] = `
"--- Tes Template Literals ---
Halo, jenengku $terusjenengmbari lan umurku $terusumurmbari taun.
Hasil seko $terusangkakumbari ping 5 yoiku $terusangkaku ping 5mbari

  Contoh kode Jawascript:
  lek (x iku ono) terus
    cetakno("x ono")
  mbari
"
`;

exports[`JawaScript Interpreter Feature Tests should correctly execute 30-destructuring.jawa 1`] = `
"--- Tes Destructuring ---
Jeneng: Sastro
Umur: 30
Nilai a: 10
Nilai b: 20
Kutho: Jogja
Status: Aktif
Jeneng lengkap: $terusjenengLengkapmbari, Umur saiki: $terusumurSaikimbari"
`;

exports[`JawaScript Interpreter Feature Tests should correctly execute 31-rest-spread.jawa 1`] = `"--- Tes Rest & Spread Syntax ---"`;

exports[`JawaScript Interpreter Feature Tests should correctly execute 32-ternary-operator.jawa 1`] = `
"--- Tes Ternary Operator ---
Status umur 20: Dewasa
Status umur 15: Anak-anak
Halo, $terusjenengmbari
Halo, Tamu"
`;

exports[`JawaScript Interpreter Feature Tests should correctly execute 33-for-in-loop.jawa 1`] = `
"--- Tes \`for...in\` Loop ---
Properti pengguna:
$teruskuncimbari: $teruspengguna[kunci]mbari
Properti mobil:
$teruspropmbari: $terusmobil[prop]mbari"
`;

exports[`JawaScript Interpreter Feature Tests should correctly execute 34-bitwise-operators.jawa 1`] = `"--- Tes Bitwise Operators ---"`;

exports[`JawaScript Interpreter Feature Tests should correctly execute 35-optional-chaining.jawa 1`] = `"--- Tes Optional Chaining ---"`;

exports[`JawaScript Interpreter Feature Tests should correctly execute 36-nullish-coalescing.jawa 1`] = `
"--- Tes Nullish Coalescing Operator ---
Nilai Nol utowoYenKosong 10: 0
Nilai Kosong utowoYenKosong 10: 10
Nilai OraDidefinisikan utowoYenKosong 10: 10
Nilai Teks Kosong utowoYenKosong 10: 
Nilai Nol utawa 10: 0"
`;

exports[`JawaScript Interpreter Feature Tests should correctly execute 37-export-wildcard.jawa 1`] = `"--- Tes Export Wildcard ---"`;

exports[`JawaScript Interpreter Feature Tests should correctly execute 38-dynamic-import.jawa 1`] = `"--- Tes Dynamic Import ---"`;

exports[`JawaScript Interpreter Feature Tests should correctly execute 39-zero-fill-right-shift.jawa 1`] = `"--- Tes Zero-fill Right Shift Operator (geserTengenNol) ---"`;

exports[`JawaScript Interpreter Feature Tests should correctly execute 40-promise-methods.jawa 1`] = `"--- Tes Janji Methods (.banjur, .nyekel) ---"`;

exports[`JawaScript Interpreter Feature Tests should correctly execute 41-generator-enhancements.jawa 1`] = `"--- Tes Generator Enhancements ---"`;

exports[`JawaScript Interpreter Feature Tests should correctly execute 42-bigint-literals.jawa 1`] = `"--- Tes BigInt Literals ---"`;

exports[`JawaScript Interpreter Feature Tests should correctly execute 43-types.jawa 1`] = `
"Umur: 30
Nama: Budi
Aktif: true
Halo Dina"
`;

exports[`JawaScript Interpreter Feature Tests should correctly execute 44-for-of-loop.jawa 1`] = `
"--- Tes Loop Kanggo...Soko (for...of) ---
Iterasi liwat Daftar:"
`;

exports[`JawaScript Interpreter Feature Tests should correctly execute 45-symbol.jawa 1`] = `"--- Tes Tipe Data Simbol ---"`;

exports[`JawaScript Interpreter Feature Tests should correctly execute 46-proxy-reflect.jawa 1`] = `
"--- Tes Proxy (Perantara) & Reflect (Pantulan) ---
Nyoba jupuk properti "$teruspropmbari""
`;

exports[`JawaScript Interpreter Feature Tests should correctly execute 47-numeric-separator.jawa 1`] = `
"--- Numeric Separator ---
1000000
0.000001
1000000000"
`;

exports[`JawaScript Interpreter Feature Tests should correctly execute 48-raw-string.jawa 1`] = `
"--- Raw String ---
C:\\path\\to\\file.txt
<div class="test">halo</div>
path\\sing\\sehat\\windows
\\dterus3mbari-\\dterus4mbari
--- Rampung ---"
`;

exports[`JawaScript Interpreter Feature Tests should correctly execute 49-range-iterator.jawa 1`] = `
"--- Range Iterator ---
rentang 1..5:
1
2
3
4
5
rentang 0..10 (ekspresi):
0
1
2
3
4
5
6
7
8
9
10
iterasi langsung range:
x=1
x=2
x=3
--- Rampung ---"
`;

exports[`JawaScript Interpreter Feature Tests should correctly execute 50-iterator-helpers.jawa 1`] = `
"--- Iterator Helpers ---
kurangi (sum):
55
kurangi (max):
9
find:
6
findIndex:
6
flat:
[1, 2, 3, 4, 5]
flatMap:
[1, 10, 2, 20, 3, 30]
rangkep (concat):
[1, 2, 3, 4]
--- Rampung ---"
`;

exports[`JawaScript Interpreter Feature Tests should correctly execute 51-regex-literal.jawa 1`] = `
"--- RegExp Literal ---
cocok:
[123]
tes email valid:
true
tes email invalid:
false
--- Rampung ---"
`;

exports[`JawaScript Interpreter Feature Tests should correctly execute 52-enum.jawa 1`] = `
"--- Enum (cacah) ---
abang yoiku 0
ijo yoiku 1
kuning yoiku 2
biru yoiku 10
ungu yoiku 11
ikuEnum(ijo) yoiku true
jenenge(10) yoiku biru
nilai('ungu') yoiku 11
kabeh:"
`;

exports[`JawaScript Interpreter Feature Tests should correctly execute 53-pattern-matching.jawa 1`] = `
"--- Pattern Matching (cocok) ---
nol
siji-siji
negatif: -5
gedhe banget: 200
liyane: 50
--- wildcard binding ---
match array:
tiga: 1,2,3
kaping siji: 1, sisa: 4
kosong
--- Rampung ---"
`;

exports[`JawaScript Interpreter Feature Tests should correctly execute 54-stdlib-tambahan.jawa 1`] = `
"--- Stdlib Tambah ---
Himpunan ukuran:
3
Himpunan nduwe(2):
true
--- URL ---
hostname: contoh.com
pathname: /path
search: ?x=1&y=2
--- Rampung ---"
`;

exports[`JawaScript Interpreter Feature Tests should correctly execute 55-pasten.jawa 1`] = `
"--- Pasten (Assertion) ---
cocok
10
--- Rampung ---"
`;

exports[`JawaScript Interpreter Feature Tests should correctly execute 56-for-of-fixed.jawa 1`] = `
"--- Kanggo x soko arr ---
10
20
30
--- iterasi string ---
B
u
d
i
--- iterasi obyek ---
1
2
3
--- Rampung ---"
`;

exports[`JawaScript Interpreter Feature Tests should correctly execute 57-jupukno-mvp.jawa 1`] = `
"pi yoiku 3.14159
sapa yoiku Sugeng rawuh, Jawa
tambahake(3, 4) yoiku 7"
`;

exports[`JawaScript Interpreter Feature Tests should correctly execute 58-paren-optional.jawa 1`] = `
"--- lek tanpa kurung ---
Dewasa
--- lek misale tanpa kurung ---
Remaja
--- lek dengan operator kompleks ---
x * 2 luwih saka 8
--- selagi tanpa kurung ---
i yoiku 0
i yoiku 1
i yoiku 2
--- pilih tanpa kurung ---
Rabu
--- cetakno tanpa kurung: 1 argumen ---
halo
--- cetakno tanpa kurung: 2 argumen ---
halo dunia
--- cetakno tanpa kurung: 3 argumen ---
siji loro telu
--- cetakno tanpa kurung: ekspresi ---
30
--- nyekel tanpa kurung ---
nyekel error: ups
--- BENTUK CAMPURAN: paren + tanpa paren ---
B
--- lek plek tanpa kurung ---
a podo karo 5
--- Rampung ---"
`;

exports[`JawaScript Interpreter Feature Tests should correctly execute 59-label.jawa 1`] = `
"--- Label ---
(0,0)
(0,1)
(0,2)
(1,0)
--- after outer break ---
[0,0]
[1,0]
[2,0]
--- after outer continue ---
simple 0
simple 1
simple 2
--- after simple break ---
cont 0
cont 1
cont 3
cont 4
--- after simple continue ---
while 0,0
while 0,1
while 0,2
while 0,3
while 0,4
while 1,0
while 1,1
while 1,2
while 1,3
while 1,4
--- after labeled while break ---
v: 1
v: 2
--- after labeled for-of break ---
--- after labeled block break ---
nest 0,0
nest 0,1
nest 0,2
nest 1,0
nest 2,0
nest 2,1
nest 2,2
--- after nested label break ---
--- Rampung ---"
`;

exports[`JawaScript Interpreter Feature Tests should correctly execute 60-wangun.jawa 1`] = `
"--- Wangun ---
Mobil nyopir kanthi kacepatan 0
Mobil mandek
Truk nyopir
Ngangkut pasir
Area:  78.53981633974483
--- Rampung ---"
`;

exports[`JawaScript Interpreter Feature Tests should correctly execute 61-async-iterator.jawa 1`] = `"--- Async Iterator ---"`;

exports[`JawaScript Interpreter Feature Tests should correctly execute 62-tag-template.jawa 1`] = `"--- Tagged Template ---"`;

exports[`JawaScript Interpreter Feature Tests should correctly execute 63-sealed-class.jawa 1`] = `
"--- Sealed Class ---
Bentuk
Buah
dari anak
Nyoba ngextend kelas katutup:"
`;

exports[`JawaScript Interpreter Feature Tests should correctly execute 64-abstract-class.jawa 1`] = `
"--- Abstract Class ---
area: 78.5
Circle
Nyoba instantiate kelas abstrak:"
`;

exports[`JawaScript Interpreter Feature Tests should correctly execute 65-struct.jawa 1`] = `
"--- Struct ---
x: 3
y: 4
Joko
umur: 25
box: 42
p2.x: 1
p2.y: 2
--- Rampung ---"
`;

exports[`JawaScript Interpreter Feature Tests should correctly execute test-module.jawa 1`] = `""`;
